=== AI 辅助修改调试日志 ===
工具ID: lens-patent-downloader
修改建议: 专利要翻译为中文
最大轮次: 50


──────────────────────────────────────────────────
[第1轮]
──────────────────────────────────────────────────
Prompt:
你是一个 Python 代码修改专家。根据用户的修改建议调整工具代码。

## 工具接口约束（必须严格遵守）
- 入口函数签名必须是: def execute(**kwargs) -> dict
- 参数访问使用 kwargs.get("参数名", 默认值)
- 返回值格式: {"status":"success"|"failed","output_format":"text"|"image"|"table"|"file","message":"结果描述","data":{}}
- 不改变现有参数的名称和类型，不删除现有功能
- 异常处理完善（try/except），失败时返回 status=failed

## 工具规范文档
---
id: lens-patent-downloader
name: Lens专利检索与注册工具
version: 0.1.0
type: script
language: python
status: active
created: 2026-07-30
---

# Lens专利检索与注册工具

## 1. 功能概述

该工具根据用户的研究需求（`req`），通过 Lens.org 公开 API 检索相关专利。检索范围限定在指定发表年份（`year`）及之后，按相关度排序，下载前 `n` 篇专利的全文（保存为 Markdown 文件），并生成包含专利基本信息的 CSV 文件。所有文件存入以时间戳命名的子目录中，最后通过【数据集注册API】将该目录注册为一个数据集，并以表格形式返回专利列表。

## 2. 输入规范

| 参数名 | 类型 | 必填 | 默认值 | 说明 |
|--------|------|------|--------|------|
| req | string | 是 | - | 检索关键词或自然语言需求描述，用于构建 Lens API 的 query 参数 |
| n | integer | 是 | - | 需要下载的专利数量（按相关度降序，取前 n 篇） |
| year | integer | 是 | - | 发表年份下限（包含该年），专利的公开日期应在此年及之后 |
| dataset | string | 是 | - | 注册数据集时使用的名称，将传入【数据集注册API】 |

> **内部配置项（非输入参数）**  
> - `API_KEY`: Lens.org 访问令牌，当前固定为 `V5zdc1XJa3cFq8OUkbCJgtZmtdXivRb9NbM37SVQloUahXWDUEK1`（如需替换，请修改脚本内的硬编码或环境变量）  
> - `base_dir`: 文件存储根路径，默认为 `./data/download/`

## 3. 输出规范

### 3.1 标准输出字段
| 字段 | 类型 | 说明 |
|------|------|------|
| status | string | `success` / `failed` |
| message | string | 结果说明，成功时含数据集注册信息 |
| output_format | string | `table` |
| data | dict | 包含 `columns` 和 `rows` 的表格数据 |

### 3.2 可视化输出格式
| output_format | data 格式 | 界面渲染方式 |
|---------------|----------|-------------|
| `table` | `{"columns":["专利号","标题","公开日期","发明人","摘要"], "rows":[["...","...",...]]}` | 渲染表格 |

> 成功时，`data.rows` 包含前 `n` 篇专利的基本信息列表，与下载目录中的 CSV 文件内容一致。

## 4. 依赖环境

| 依赖 | 版本 | 用途 |
|------|------|------|
| Python | >= 3.8 | 运行环境 |
| requests | >= 2.28 | 调用 Lens API 和数据集注册 API |
| pandas | >= 1.4 | 生成 CSV 文件，构建返回表格 |
| os | 内置 | 创建目录、拼接路径 |
| time | 内置 | 生成时间戳目录名 |

## 5. 运行机制

### 5.1 执行流程

1. **参数读取与校验**  
   接收 `req`、`n`、`year`、`dataset`，验证类型及范围（n>0，year ≥ 1900 等）。

2. **创建存储目录**  
   生成时间戳 
...

